// Jest Snapshot v1, https://goo.gl/fbAQLP

exports[`#gremlins/components/common/required <Required /> matches the snapshot 1`] = `
<span
  className="is-required"
>
  *
</span>
`;
