// Jest Snapshot v1, https://goo.gl/fbAQLP

exports[`@modernpoacher/gremlins/gremlins/fieldset <Gremlin /> With additional props renders 1`] = `
<div
  className="MOCK CLASSNAME"
/>
`;

exports[`@modernpoacher/gremlins/gremlins/fieldset <Gremlin /> With required props renders 1`] = `
<div
  className="MOCK CLASSNAME"
/>
`;
