// Jest Snapshot v1, https://goo.gl/fbAQLP

exports[`#gremlins/gremlins/textarea <Gremlin /> With additional props renders 1`] = `
<div
  className="MOCK CLASSNAME"
/>
`;

exports[`#gremlins/gremlins/textarea <Gremlin /> With required props renders 1`] = `
<div
  className="MOCK CLASSNAME"
/>
`;
