// Jest Snapshot v1, https://goo.gl/fbAQLP

exports[`#gremlins/components/common/disabled <Disabled /> matches the snapshot 1`] = `
<span
  className="is-disabled"
>
  *
</span>
`;
