// Jest Snapshot v1, https://goo.gl/fbAQLP

exports[`#gremlins/components/common/readonly <ReadOnly /> matches the snapshot 1`] = `
<span
  className="is-readonly"
>
  *
</span>
`;
