// Jest Snapshot v1, https://jestjs.io/docs/snapshot-testing

exports[`#gremlins/components/common/text-content <TextContent /> matches the snapshot 1`] = `
<span
  className="text-content"
>
  MOCK TEXT CONTENT
</span>
`;
