// Jest Snapshot v1, https://jestjs.io/docs/snapshot-testing

exports[`#gremlins/super/components/group <Group /> With additional props matches the snapshot 1`] = `
<fieldset
  className="group"
>
  MOCK CHILDREN
</fieldset>
`;

exports[`#gremlins/super/components/group <Group /> With required props matches the snapshot 1`] = `null`;
